{"level":"info","message":"Connected to MongoDB","timestamp":"2025-04-18T10:52:04.030Z"}
{"level":"info","message":"Server running on http://localhost:3000","timestamp":"2025-04-18T10:52:04.393Z"}
{"level":"info","message":"Connected to MongoDB","timestamp":"2025-04-18T11:54:06.102Z"}
{"level":"info","message":"Server running on http://localhost:3000","timestamp":"2025-04-18T11:54:06.465Z"}
{"level":"info","message":"Connected to MongoDB","timestamp":"2025-04-18T11:56:38.407Z"}
{"level":"info","message":"Server running on http://localhost:3000","timestamp":"2025-04-18T11:56:38.765Z"}
{"level":"info","message":"Connected to MongoDB","timestamp":"2025-04-18T12:04:12.570Z"}
{"level":"info","message":"Server running on http://localhost:3000","timestamp":"2025-04-18T12:04:12.934Z"}
{"level":"info","message":"Connected to MongoDB","timestamp":"2025-04-18T12:04:56.105Z"}
{"level":"info","message":"Server running on http://localhost:3000","timestamp":"2025-04-18T12:04:56.464Z"}
{"level":"info","message":"Connected to MongoDB","timestamp":"2025-04-18T12:43:09.392Z"}
{"level":"info","message":"Server running on http://localhost:3000","timestamp":"2025-04-18T12:43:09.751Z"}
{"level":"info","message":"Connected to MongoDB","timestamp":"2025-04-18T12:49:09.233Z"}
{"level":"info","message":"Server running on http://localhost:3000","timestamp":"2025-04-18T12:49:09.592Z"}
{"level":"info","message":"Connected to MongoDB","timestamp":"2025-04-18T12:53:57.104Z"}
{"level":"info","message":"Server running on http://localhost:3000","timestamp":"2025-04-18T12:53:57.462Z"}
{"level":"info","message":"Connected to MongoDB","timestamp":"2025-04-18T12:55:14.164Z"}
{"level":"info","message":"Server running on http://localhost:3000","timestamp":"2025-04-18T12:55:14.528Z"}
{"level":"info","message":"Connected to MongoDB","timestamp":"2025-04-18T13:01:06.426Z"}
{"level":"info","message":"Server running on http://localhost:3000","timestamp":"2025-04-18T13:01:06.796Z"}
{"level":"info","message":"Connected to MongoDB","timestamp":"2025-04-18T13:03:21.215Z"}
{"level":"info","message":"Server running on http://localhost:3000","timestamp":"2025-04-18T13:03:21.595Z"}
{"level":"info","message":"Connected to MongoDB","timestamp":"2025-04-18T13:05:13.921Z"}
{"level":"info","message":"Server running on http://localhost:3000","timestamp":"2025-04-18T13:05:14.293Z"}
{"level":"info","message":"Connected to MongoDB","timestamp":"2025-04-18T13:08:07.299Z"}
{"level":"info","message":"Server running on http://localhost:3000","timestamp":"2025-04-18T13:08:07.671Z"}
{"level":"info","message":"Connected to MongoDB","timestamp":"2025-04-18T13:13:50.782Z"}
{"level":"info","message":"Server running on http://localhost:3000","timestamp":"2025-04-18T13:13:51.142Z"}
{"level":"info","message":"Connected to MongoDB","timestamp":"2025-04-18T13:39:57.310Z"}
{"level":"info","message":"Server running on http://localhost:3000","timestamp":"2025-04-18T13:39:57.662Z"}
{"address":"127.0.0.1","code":"ESOCKET","command":"CONN","errno":-111,"level":"error","message":"Send email failed: connect ECONNREFUSED 127.0.0.1:587","port":587,"stack":"Error: connect ECONNREFUSED 127.0.0.1:587\n    at TCPConnectWrap.afterConnect [as oncomplete] (node:net:1611:16)","syscall":"connect","timestamp":"2025-04-18T13:43:23.772Z"}
{"level":"info","message":"Connected to MongoDB","timestamp":"2025-04-18T17:20:46.627Z"}
{"level":"info","message":"Server running on http://localhost:3000","timestamp":"2025-04-18T17:20:47.011Z"}
{"address":"127.0.0.1","code":"ESOCKET","command":"CONN","errno":-111,"level":"error","message":"Send email failed: connect ECONNREFUSED 127.0.0.1:587","port":587,"stack":"Error: connect ECONNREFUSED 127.0.0.1:587\n    at TCPConnectWrap.afterConnect [as oncomplete] (node:net:1611:16)","syscall":"connect","timestamp":"2025-04-18T17:24:43.344Z"}
{"level":"info","message":"Connected to MongoDB","timestamp":"2025-04-18T17:29:50.418Z"}
{"level":"info","message":"Server running on http://localhost:3000","timestamp":"2025-04-18T17:29:50.792Z"}
{"code":"EAUTH","command":"API","level":"error","message":"Send email failed: Missing credentials for \"PLAIN\"","stack":"Error: Missing credentials for \"PLAIN\"\n    at SMTPConnection._formatError (/home/user/Desktop/Task1/node_modules/nodemailer/lib/smtp-connection/index.js:809:19)\n    at SMTPConnection.login (/home/user/Desktop/Task1/node_modules/nodemailer/lib/smtp-connection/index.js:454:38)\n    at /home/user/Desktop/Task1/node_modules/nodemailer/lib/smtp-transport/index.js:272:32\n    at SMTPConnection.<anonymous> (/home/user/Desktop/Task1/node_modules/nodemailer/lib/smtp-connection/index.js:215:17)\n    at Object.onceWrapper (node:events:638:28)\n    at SMTPConnection.emit (node:events:524:28)\n    at SMTPConnection.emit (node:domain:489:12)\n    at SMTPConnection._actionEHLO (/home/user/Desktop/Task1/node_modules/nodemailer/lib/smtp-connection/index.js:1371:14)\n    at SMTPConnection._processResponse (/home/user/Desktop/Task1/node_modules/nodemailer/lib/smtp-connection/index.js:993:20)\n    at SMTPConnection._onData (/home/user/Desktop/Task1/node_modules/nodemailer/lib/smtp-connection/index.js:774:14)","timestamp":"2025-04-18T17:30:48.670Z"}
{"level":"info","message":"Connected to MongoDB","timestamp":"2025-04-18T17:35:39.768Z"}
{"level":"info","message":"Server running on http://localhost:3000","timestamp":"2025-04-18T17:35:40.133Z"}
{"level":"info","message":"Connected to SMTP server","timestamp":"2025-04-18T17:35:41.388Z"}
{"level":"info","message":"Email sent to gaurav@gmail.com","timestamp":"2025-04-18T17:35:57.883Z"}
{"level":"info","message":"Email sent to gauravsony73@gmail.com","timestamp":"2025-04-18T17:39:19.945Z"}
{"level":"info","message":"Connected to MongoDB","timestamp":"2025-04-18T17:59:59.430Z"}
{"level":"info","message":"Connected to MongoDB","timestamp":"2025-04-18T18:05:58.887Z"}
{"level":"info","message":"Server running on http://localhost:3000","timestamp":"2025-04-18T18:05:59.249Z"}
{"level":"info","message":"Connected to SMTP server","timestamp":"2025-04-18T18:06:00.343Z"}
{"level":"info","message":"Connected to MongoDB","timestamp":"2025-04-18T18:10:23.505Z"}
{"level":"info","message":"Server running on http://localhost:3000","timestamp":"2025-04-18T18:10:23.862Z"}
{"level":"info","message":"Connected to SMTP server","timestamp":"2025-04-18T18:10:25.266Z"}
{"level":"info","message":"Connected to MongoDB","timestamp":"2025-04-18T18:12:28.896Z"}
{"level":"info","message":"Connected to MongoDB","timestamp":"2025-04-18T18:13:20.177Z"}
{"level":"info","message":"Server running on http://localhost:3000","timestamp":"2025-04-18T18:13:20.605Z"}
{"level":"info","message":"Connected to SMTP server","timestamp":"2025-04-18T18:13:22.377Z"}
{"level":"info","message":"Connected to MongoDB","timestamp":"2025-04-18T18:23:37.436Z"}
{"level":"info","message":"Server running on http://localhost:3000","timestamp":"2025-04-18T18:23:38.218Z"}
{"level":"info","message":"Connected to SMTP server","timestamp":"2025-04-18T18:23:39.339Z"}
{"level":"info","message":"Connected to MongoDB","timestamp":"2025-04-18T18:32:28.127Z"}
{"level":"info","message":"Server running on http://localhost:3000","timestamp":"2025-04-18T18:32:29.043Z"}
{"level":"info","message":"Connected to SMTP server","timestamp":"2025-04-18T18:32:30.214Z"}
{"level":"info","message":"Connected to MongoDB","timestamp":"2025-04-18T18:34:27.986Z"}
{"level":"info","message":"Server running on http://localhost:3000","timestamp":"2025-04-18T18:34:28.723Z"}
{"level":"info","message":"Connected to SMTP server","timestamp":"2025-04-18T18:34:29.902Z"}
{"level":"info","message":"Connected to MongoDB","timestamp":"2025-04-18T18:38:17.019Z"}
{"level":"info","message":"Server running on http://localhost:3000","timestamp":"2025-04-18T18:38:17.908Z"}
{"level":"info","message":"Connected to SMTP server","timestamp":"2025-04-18T18:38:19.072Z"}
{"level":"info","message":"Connected to MongoDB","timestamp":"2025-04-18T18:46:34.939Z"}
{"level":"info","message":"Server running on http://localhost:3000","timestamp":"2025-04-18T18:46:35.205Z"}
{"level":"info","message":"Connected to SMTP server","timestamp":"2025-04-18T18:46:36.461Z"}
